test log: 2